{"level":"info","message":"Hello from Acquisition","service":"acquisition-api","timestamp":"2026-05-18T05:55:00.911Z"}
{"level":"info","message":"::1 - - [18/May/2026:05:55:00 +0000] \"GET / HTTP/1.1\" 200 12 \"-\" \"Mozilla/5.0 (Windows NT 10.0; Win64; x64) AppleWebKit/537.36 (KHTML, like Gecko) Chrome/148.0.0.0 Safari/537.36\"","service":"acquisition-api","timestamp":"2026-05-18T05:55:00.960Z"}
{"level":"info","message":"::1 - - [18/May/2026:05:55:01 +0000] \"GET /favicon.ico HTTP/1.1\" 404 150 \"-\" \"Mozilla/5.0 (Windows NT 10.0; Win64; x64) AppleWebKit/537.36 (KHTML, like Gecko) Chrome/148.0.0.0 Safari/537.36\"","service":"acquisition-api","timestamp":"2026-05-18T05:55:01.901Z"}
{"level":"info","message":"Hello from Acquisition","service":"acquisition-api","timestamp":"2026-05-18T06:11:14.182Z"}
{"level":"info","message":"::1 - - [18/May/2026:06:11:14 +0000] \"GET / HTTP/1.1\" 200 12 \"-\" \"HTTPie\"","service":"acquisition-api","timestamp":"2026-05-18T06:11:14.237Z"}
{"level":"info","message":"::1 - - [18/May/2026:06:11:30 +0000] \"POST /api HTTP/1.1\" 404 143 \"-\" \"HTTPie\"","service":"acquisition-api","timestamp":"2026-05-18T06:11:30.467Z"}
{"level":"info","message":"::1 - - [18/May/2026:06:11:56 +0000] \"POST /api/auth/sign-up HTTP/1.1\" 200 31 \"-\" \"HTTPie\"","service":"acquisition-api","timestamp":"2026-05-18T06:11:56.056Z"}
{"level":"info","message":"::1 - - [18/May/2026:06:12:02 +0000] \"POST /api/auth/sign-in HTTP/1.1\" 200 31 \"-\" \"HTTPie\"","service":"acquisition-api","timestamp":"2026-05-18T06:12:02.287Z"}
{"level":"error","message":"Signup error signUpSchema is not defined","service":"acquisition-api","stack":"ReferenceError: signUpSchema is not defined\n    at signup (file:///C:/Users/Dell/Desktop/acquisitions/src/controllers/auth.controller.js:6:34)\n    at Layer.handleRequest (C:\\Users\\Dell\\Desktop\\acquisitions\\node_modules\\router\\lib\\layer.js:152:17)\n    at next (C:\\Users\\Dell\\Desktop\\acquisitions\\node_modules\\router\\lib\\route.js:157:13)\n    at Route.dispatch (C:\\Users\\Dell\\Desktop\\acquisitions\\node_modules\\router\\lib\\route.js:117:3)\n    at handle (C:\\Users\\Dell\\Desktop\\acquisitions\\node_modules\\router\\index.js:435:11)\n    at Layer.handleRequest (C:\\Users\\Dell\\Desktop\\acquisitions\\node_modules\\router\\lib\\layer.js:152:17)\n    at C:\\Users\\Dell\\Desktop\\acquisitions\\node_modules\\router\\index.js:295:15\n    at processParams (C:\\Users\\Dell\\Desktop\\acquisitions\\node_modules\\router\\index.js:582:12)\n    at next (C:\\Users\\Dell\\Desktop\\acquisitions\\node_modules\\router\\index.js:291:5)\n    at router.handle (C:\\Users\\Dell\\Desktop\\acquisitions\\node_modules\\router\\index.js:186:3)","timestamp":"2026-05-18T07:31:59.296Z"}
{"level":"info","message":"::1 - - [18/May/2026:07:31:59 +0000] \"POST /api/auth/sign-up HTTP/1.1\" 500 1220 \"-\" \"HTTPie\"","service":"acquisition-api","timestamp":"2026-05-18T07:31:59.304Z"}
{"level":"info","message":"::1 - - [18/May/2026:07:36:24 +0000] \"POST /api/auth/sign-up HTTP/1.1\" 400 59 \"-\" \"HTTPie\"","service":"acquisition-api","timestamp":"2026-05-18T07:36:24.167Z"}
{"level":"info","message":"::1 - - [18/May/2026:07:37:53 +0000] \"POST /api/auth/sign-up?email=sidd%40gmail.com&name=sidd&password=123123 HTTP/1.1\" 400 59 \"-\" \"HTTPie\"","service":"acquisition-api","timestamp":"2026-05-18T07:37:53.020Z"}
{"level":"info","message":"::1 - - [18/May/2026:07:38:08 +0000] \"POST /api/auth/sign-up?name=sidd&email=sidd%40gmail.com&password=123123 HTTP/1.1\" 400 59 \"-\" \"HTTPie\"","service":"acquisition-api","timestamp":"2026-05-18T07:38:08.204Z"}
{"level":"info","message":"User signed up: sid@gmail.com with role user","service":"acquisition-api","timestamp":"2026-05-18T07:39:01.441Z"}
{"level":"info","message":"::1 - - [18/May/2026:07:39:01 +0000] \"POST /api/auth/sign-up?name=sidd&email=sidd%40gmail.com&password=123123 HTTP/1.1\" 201 110 \"-\" \"HTTPie\"","service":"acquisition-api","timestamp":"2026-05-18T07:39:01.445Z"}
{"level":"info","message":"User created: sid@gmail.com with role admin created successfully","service":"acquisition-api","timestamp":"2026-05-18T11:12:59.696Z"}
{"level":"error","message":"Signup error res.cookies is not a function","service":"acquisition-api","stack":"TypeError: res.cookies is not a function\n    at Object.set (file:///C:/Users/Dell/Desktop/acquisitions/src/utils/cookies.js:10:13)\n    at signup (file:///C:/Users/Dell/Desktop/acquisitions/src/controllers/auth.controller.js:23:17)\n    at process.processTicksAndRejections (node:internal/process/task_queues:104:5)","timestamp":"2026-05-18T11:12:59.759Z"}
{"level":"info","message":"::1 - - [18/May/2026:11:12:59 +0000] \"POST /api/auth/sign-up?name=sidd&email=sidd%40gmail.com&password=123123 HTTP/1.1\" 500 368 \"-\" \"HTTPie\"","service":"acquisition-api","timestamp":"2026-05-18T11:12:59.787Z"}
{"level":"error","message":"Error creating user: Failed query: insert into \"users\" (\"id\", \"name\", \"email\", \"password\", \"role\", \"created_at\", \"updated_at\") values (default, $1, $2, $3, $4, default, default) returning \"id\", \"name\", \"email\", \"role\", \"created_at\"\nparams: sidd,sid@gmail.com,$2b$10$Bf/W2VtcMhS1EwkXAXTTq.TC7o9eLu6vm7b9rPp5aTCtDvqBkZqee,admin","service":"acquisition-api","timestamp":"2026-05-18T11:15:16.332Z"}
{"cause":{"code":"23505","constraint":"users_email_unique","detail":"Key (email)=(sid@gmail.com) already exists.","file":"nbtinsert.c","line":"667","name":"NeonDbError","routine":"_bt_check_unique","schema":"public","severity":"ERROR","table":"users"},"level":"error","message":"Signup error Failed query: insert into \"users\" (\"id\", \"name\", \"email\", \"password\", \"role\", \"created_at\", \"updated_at\") values (default, $1, $2, $3, $4, default, default) returning \"id\", \"name\", \"email\", \"role\", \"created_at\"\nparams: sidd,sid@gmail.com,$2b$10$Bf/W2VtcMhS1EwkXAXTTq.TC7o9eLu6vm7b9rPp5aTCtDvqBkZqee,admin","params":["sidd","sid@gmail.com","$2b$10$Bf/W2VtcMhS1EwkXAXTTq.TC7o9eLu6vm7b9rPp5aTCtDvqBkZqee","admin"],"query":"insert into \"users\" (\"id\", \"name\", \"email\", \"password\", \"role\", \"created_at\", \"updated_at\") values (default, $1, $2, $3, $4, default, default) returning \"id\", \"name\", \"email\", \"role\", \"created_at\"","service":"acquisition-api","stack":"Error: Failed query: insert into \"users\" (\"id\", \"name\", \"email\", \"password\", \"role\", \"created_at\", \"updated_at\") values (default, $1, $2, $3, $4, default, default) returning \"id\", \"name\", \"email\", \"role\", \"created_at\"\nparams: sidd,sid@gmail.com,$2b$10$Bf/W2VtcMhS1EwkXAXTTq.TC7o9eLu6vm7b9rPp5aTCtDvqBkZqee,admin\n    at NeonHttpPreparedQuery.queryWithCache (file:///C:/Users/Dell/Desktop/acquisitions/node_modules/drizzle-orm/pg-core/session.js:41:15)\n    at process.processTicksAndRejections (node:internal/process/task_queues:104:5)\n    at async NeonHttpPreparedQuery.execute (file:///C:/Users/Dell/Desktop/acquisitions/node_modules/drizzle-orm/neon-http/session.js:45:20)\n    at async createUser (file:///C:/Users/Dell/Desktop/acquisitions/src/services/auth.service.js:25:26)\n    at async signup (file:///C:/Users/Dell/Desktop/acquisitions/src/controllers/auth.controller.js:19:22)","timestamp":"2026-05-18T11:15:16.355Z"}
{"level":"info","message":"::1 - - [18/May/2026:11:15:16 +0000] \"POST /api/auth/sign-up?name=sidd&email=sidd%40gmail.com&password=123123 HTTP/1.1\" 500 368 \"-\" \"HTTPie\"","service":"acquisition-api","timestamp":"2026-05-18T11:15:16.363Z"}
{"level":"error","message":"Error creating user: Failed query: insert into \"users\" (\"id\", \"name\", \"email\", \"password\", \"role\", \"created_at\", \"updated_at\") values (default, $1, $2, $3, $4, default, default) returning \"id\", \"name\", \"email\", \"role\", \"created_at\"\nparams: sidd,sid@gmail.com,$2b$10$0qzeZ1jGJjJqAnew3OnfQ.chxfiXVRfd4QM2bZ7zeuWyx4UlFQfuW,admin","service":"acquisition-api","timestamp":"2026-05-18T11:15:48.948Z"}
{"cause":{"code":"23505","constraint":"users_email_unique","detail":"Key (email)=(sid@gmail.com) already exists.","file":"nbtinsert.c","line":"667","name":"NeonDbError","routine":"_bt_check_unique","schema":"public","severity":"ERROR","table":"users"},"level":"error","message":"Signup error Failed query: insert into \"users\" (\"id\", \"name\", \"email\", \"password\", \"role\", \"created_at\", \"updated_at\") values (default, $1, $2, $3, $4, default, default) returning \"id\", \"name\", \"email\", \"role\", \"created_at\"\nparams: sidd,sid@gmail.com,$2b$10$0qzeZ1jGJjJqAnew3OnfQ.chxfiXVRfd4QM2bZ7zeuWyx4UlFQfuW,admin","params":["sidd","sid@gmail.com","$2b$10$0qzeZ1jGJjJqAnew3OnfQ.chxfiXVRfd4QM2bZ7zeuWyx4UlFQfuW","admin"],"query":"insert into \"users\" (\"id\", \"name\", \"email\", \"password\", \"role\", \"created_at\", \"updated_at\") values (default, $1, $2, $3, $4, default, default) returning \"id\", \"name\", \"email\", \"role\", \"created_at\"","service":"acquisition-api","stack":"Error: Failed query: insert into \"users\" (\"id\", \"name\", \"email\", \"password\", \"role\", \"created_at\", \"updated_at\") values (default, $1, $2, $3, $4, default, default) returning \"id\", \"name\", \"email\", \"role\", \"created_at\"\nparams: sidd,sid@gmail.com,$2b$10$0qzeZ1jGJjJqAnew3OnfQ.chxfiXVRfd4QM2bZ7zeuWyx4UlFQfuW,admin\n    at NeonHttpPreparedQuery.queryWithCache (file:///C:/Users/Dell/Desktop/acquisitions/node_modules/drizzle-orm/pg-core/session.js:41:15)\n    at process.processTicksAndRejections (node:internal/process/task_queues:104:5)\n    at async NeonHttpPreparedQuery.execute (file:///C:/Users/Dell/Desktop/acquisitions/node_modules/drizzle-orm/neon-http/session.js:45:20)\n    at async createUser (file:///C:/Users/Dell/Desktop/acquisitions/src/services/auth.service.js:25:26)\n    at async signup (file:///C:/Users/Dell/Desktop/acquisitions/src/controllers/auth.controller.js:19:22)","timestamp":"2026-05-18T11:15:48.954Z"}
{"level":"info","message":"::1 - - [18/May/2026:11:15:48 +0000] \"POST /api/auth/sign-up?name=sidd&email=sidd%40gmail.com&password=123123 HTTP/1.1\" 500 368 \"-\" \"HTTPie\"","service":"acquisition-api","timestamp":"2026-05-18T11:15:48.960Z"}
{"level":"error","message":"Error creating user: Failed query: insert into \"users\" (\"id\", \"name\", \"email\", \"password\", \"role\", \"created_at\", \"updated_at\") values (default, $1, $2, $3, $4, default, default) returning \"id\", \"name\", \"email\", \"role\", \"created_at\"\nparams: sidd,sid@gmail.com,$2b$10$8/Yz5v6sSOOJDpZIkIQ6fuY4gdxIvz6p029W8252b6Fnyo8nzwDTG,admin","service":"acquisition-api","timestamp":"2026-05-18T11:16:23.942Z"}
{"cause":{"code":"23505","constraint":"users_email_unique","detail":"Key (email)=(sid@gmail.com) already exists.","file":"nbtinsert.c","line":"667","name":"NeonDbError","routine":"_bt_check_unique","schema":"public","severity":"ERROR","table":"users"},"level":"error","message":"Signup error Failed query: insert into \"users\" (\"id\", \"name\", \"email\", \"password\", \"role\", \"created_at\", \"updated_at\") values (default, $1, $2, $3, $4, default, default) returning \"id\", \"name\", \"email\", \"role\", \"created_at\"\nparams: sidd,sid@gmail.com,$2b$10$8/Yz5v6sSOOJDpZIkIQ6fuY4gdxIvz6p029W8252b6Fnyo8nzwDTG,admin","params":["sidd","sid@gmail.com","$2b$10$8/Yz5v6sSOOJDpZIkIQ6fuY4gdxIvz6p029W8252b6Fnyo8nzwDTG","admin"],"query":"insert into \"users\" (\"id\", \"name\", \"email\", \"password\", \"role\", \"created_at\", \"updated_at\") values (default, $1, $2, $3, $4, default, default) returning \"id\", \"name\", \"email\", \"role\", \"created_at\"","service":"acquisition-api","stack":"Error: Failed query: insert into \"users\" (\"id\", \"name\", \"email\", \"password\", \"role\", \"created_at\", \"updated_at\") values (default, $1, $2, $3, $4, default, default) returning \"id\", \"name\", \"email\", \"role\", \"created_at\"\nparams: sidd,sid@gmail.com,$2b$10$8/Yz5v6sSOOJDpZIkIQ6fuY4gdxIvz6p029W8252b6Fnyo8nzwDTG,admin\n    at NeonHttpPreparedQuery.queryWithCache (file:///C:/Users/Dell/Desktop/acquisitions/node_modules/drizzle-orm/pg-core/session.js:41:15)\n    at process.processTicksAndRejections (node:internal/process/task_queues:104:5)\n    at async NeonHttpPreparedQuery.execute (file:///C:/Users/Dell/Desktop/acquisitions/node_modules/drizzle-orm/neon-http/session.js:45:20)\n    at async createUser (file:///C:/Users/Dell/Desktop/acquisitions/src/services/auth.service.js:25:26)\n    at async signup (file:///C:/Users/Dell/Desktop/acquisitions/src/controllers/auth.controller.js:19:22)","timestamp":"2026-05-18T11:16:23.947Z"}
{"level":"info","message":"::1 - - [18/May/2026:11:16:23 +0000] \"POST /api/auth/sign-up?name=sidd&email=sidd%40gmail.com&password=123123 HTTP/1.1\" 500 1208 \"-\" \"HTTPie\"","service":"acquisition-api","timestamp":"2026-05-18T11:16:23.955Z"}
{"level":"error","message":"Error creating user: Failed query: insert into \"users\" (\"id\", \"name\", \"email\", \"password\", \"role\", \"created_at\", \"updated_at\") values (default, $1, $2, $3, $4, default, default) returning \"id\", \"name\", \"email\", \"role\", \"created_at\"\nparams: sidd,sid@gmail.com,$2b$10$PfVH/4.epAie1lMkYV8vJ.E351K5tpi2MxJhpxCGECsJo3OVxZxoG,admin","service":"acquisition-api","timestamp":"2026-05-18T11:19:07.718Z"}
{"cause":{"code":"23505","constraint":"users_email_unique","detail":"Key (email)=(sid@gmail.com) already exists.","file":"nbtinsert.c","line":"667","name":"NeonDbError","routine":"_bt_check_unique","schema":"public","severity":"ERROR","table":"users"},"level":"error","message":"Signup error Failed query: insert into \"users\" (\"id\", \"name\", \"email\", \"password\", \"role\", \"created_at\", \"updated_at\") values (default, $1, $2, $3, $4, default, default) returning \"id\", \"name\", \"email\", \"role\", \"created_at\"\nparams: sidd,sid@gmail.com,$2b$10$PfVH/4.epAie1lMkYV8vJ.E351K5tpi2MxJhpxCGECsJo3OVxZxoG,admin","params":["sidd","sid@gmail.com","$2b$10$PfVH/4.epAie1lMkYV8vJ.E351K5tpi2MxJhpxCGECsJo3OVxZxoG","admin"],"query":"insert into \"users\" (\"id\", \"name\", \"email\", \"password\", \"role\", \"created_at\", \"updated_at\") values (default, $1, $2, $3, $4, default, default) returning \"id\", \"name\", \"email\", \"role\", \"created_at\"","service":"acquisition-api","stack":"Error: Failed query: insert into \"users\" (\"id\", \"name\", \"email\", \"password\", \"role\", \"created_at\", \"updated_at\") values (default, $1, $2, $3, $4, default, default) returning \"id\", \"name\", \"email\", \"role\", \"created_at\"\nparams: sidd,sid@gmail.com,$2b$10$PfVH/4.epAie1lMkYV8vJ.E351K5tpi2MxJhpxCGECsJo3OVxZxoG,admin\n    at NeonHttpPreparedQuery.queryWithCache (file:///C:/Users/Dell/Desktop/acquisitions/node_modules/drizzle-orm/pg-core/session.js:41:15)\n    at process.processTicksAndRejections (node:internal/process/task_queues:104:5)\n    at async NeonHttpPreparedQuery.execute (file:///C:/Users/Dell/Desktop/acquisitions/node_modules/drizzle-orm/neon-http/session.js:45:20)\n    at async createUser (file:///C:/Users/Dell/Desktop/acquisitions/src/services/auth.service.js:25:26)\n    at async signup (file:///C:/Users/Dell/Desktop/acquisitions/src/controllers/auth.controller.js:19:22)","timestamp":"2026-05-18T11:19:07.726Z"}
{"level":"info","message":"::1 - - [18/May/2026:11:19:07 +0000] \"POST /api/auth/sign-up?name=sidd&email=sidd%40gmail.com&password=123123 HTTP/1.1\" 500 1208 \"-\" \"HTTPie\"","service":"acquisition-api","timestamp":"2026-05-18T11:19:07.739Z"}
{"level":"error","message":"Error creating user: User with this email already exists","service":"acquisition-api","timestamp":"2026-05-18T11:22:29.531Z"}
{"level":"error","message":"Signup error User with this email already exists","service":"acquisition-api","stack":"Error: User with this email already exists\n    at createUser (file:///C:/Users/Dell/Desktop/acquisitions/src/services/auth.service.js:30:13)\n    at process.processTicksAndRejections (node:internal/process/task_queues:104:5)\n    at async signup (file:///C:/Users/Dell/Desktop/acquisitions/src/controllers/auth.controller.js:19:22)","timestamp":"2026-05-18T11:22:29.542Z"}
{"level":"info","message":"::1 - - [18/May/2026:11:22:29 +0000] \"POST /api/auth/sign-up?name=sidd&email=sidd%40gmail.com&password=123123 HTTP/1.1\" 409 32 \"-\" \"HTTPie\"","service":"acquisition-api","timestamp":"2026-05-18T11:22:29.549Z"}
{"level":"info","message":"User created: admin@gmail.com","service":"acquisition-api","timestamp":"2026-05-18T11:22:42.687Z"}
{"level":"info","message":"User signed up: admin@gmail.com with role admin","service":"acquisition-api","timestamp":"2026-05-18T11:22:42.701Z"}
{"level":"info","message":"::1 - - [18/May/2026:11:22:42 +0000] \"POST /api/auth/sign-up?name=sidd&email=sidd%40gmail.com&password=123123 HTTP/1.1\" 201 114 \"-\" \"HTTPie\"","service":"acquisition-api","timestamp":"2026-05-18T11:22:42.705Z"}
{"level":"info","message":"::1 - - [19/May/2026:08:25:07 +0000] \"GET /health HTTP/1.1\" 200 74 \"-\" \"HTTPie\"","service":"acquisition-api","timestamp":"2026-05-19T08:25:07.221Z"}
{"level":"info","message":"::1 - - [19/May/2026:08:25:08 +0000] \"GET /health HTTP/1.1\" 200 74 \"-\" \"HTTPie\"","service":"acquisition-api","timestamp":"2026-05-19T08:25:08.681Z"}
{"level":"info","message":"::1 - - [19/May/2026:08:25:09 +0000] \"GET /health HTTP/1.1\" 200 74 \"-\" \"HTTPie\"","service":"acquisition-api","timestamp":"2026-05-19T08:25:09.085Z"}
{"level":"info","message":"::1 - - [19/May/2026:08:25:09 +0000] \"GET /health HTTP/1.1\" 200 74 \"-\" \"HTTPie\"","service":"acquisition-api","timestamp":"2026-05-19T08:25:09.485Z"}
{"level":"info","message":"::1 - - [19/May/2026:08:25:09 +0000] \"GET /health HTTP/1.1\" 200 74 \"-\" \"HTTPie\"","service":"acquisition-api","timestamp":"2026-05-19T08:25:09.804Z"}
{"level":"info","message":"::1 - - [19/May/2026:08:25:10 +0000] \"GET /health HTTP/1.1\" 500 91 \"-\" \"HTTPie\"","service":"acquisition-api","timestamp":"2026-05-19T08:25:10.129Z"}
{"level":"info","message":"::1 - - [19/May/2026:08:25:10 +0000] \"GET /health HTTP/1.1\" 500 91 \"-\" \"HTTPie\"","service":"acquisition-api","timestamp":"2026-05-19T08:25:10.303Z"}
{"level":"info","message":"::1 - - [19/May/2026:08:25:10 +0000] \"GET /health HTTP/1.1\" 500 91 \"-\" \"HTTPie\"","service":"acquisition-api","timestamp":"2026-05-19T08:25:10.447Z"}
{"level":"info","message":"::1 - - [19/May/2026:08:25:10 +0000] \"GET /health HTTP/1.1\" 500 91 \"-\" \"HTTPie\"","service":"acquisition-api","timestamp":"2026-05-19T08:25:10.599Z"}
{"level":"info","message":"::1 - - [19/May/2026:08:25:10 +0000] \"GET /health HTTP/1.1\" 500 91 \"-\" \"HTTPie\"","service":"acquisition-api","timestamp":"2026-05-19T08:25:10.725Z"}
{"level":"info","message":"::1 - - [19/May/2026:08:25:17 +0000] \"GET /health HTTP/1.1\" 500 91 \"-\" \"HTTPie\"","service":"acquisition-api","timestamp":"2026-05-19T08:25:17.393Z"}
{"level":"info","message":"::1 - - [19/May/2026:08:25:18 +0000] \"GET /health HTTP/1.1\" 500 91 \"-\" \"HTTPie\"","service":"acquisition-api","timestamp":"2026-05-19T08:25:18.118Z"}
{"level":"info","message":"::1 - - [19/May/2026:08:25:53 +0000] \"GET /health HTTP/1.1\" 500 91 \"-\" \"HTTPie\"","service":"acquisition-api","timestamp":"2026-05-19T08:25:53.761Z"}
{"level":"error","message":"Error creating user: User with this email already exists","service":"acquisition-api","timestamp":"2026-05-19T08:26:46.950Z"}
{"level":"error","message":"Signup error User with this email already exists","service":"acquisition-api","stack":"Error: User with this email already exists\n    at createUser (file:///C:/Users/Dell/Desktop/acquisitions/src/services/auth.service.js:30:13)\n    at process.processTicksAndRejections (node:internal/process/task_queues:104:5)\n    at async signup (file:///C:/Users/Dell/Desktop/acquisitions/src/controllers/auth.controller.js:19:22)","timestamp":"2026-05-19T08:26:46.958Z"}
{"level":"info","message":"::1 - - [19/May/2026:08:26:46 +0000] \"POST /api/auth/sign-up?name=sidd&email=sidd%40gmail.com&password=123123 HTTP/1.1\" 409 32 \"-\" \"HTTPie\"","service":"acquisition-api","timestamp":"2026-05-19T08:26:46.967Z"}
{"level":"info","message":"::1 - - [19/May/2026:08:28:03 +0000] \"GET /health HTTP/1.1\" 200 73 \"-\" \"HTTPie\"","service":"acquisition-api","timestamp":"2026-05-19T08:28:03.044Z"}
{"level":"info","message":"::1 - - [19/May/2026:08:28:07 +0000] \"GET /health HTTP/1.1\" 200 73 \"-\" \"HTTPie\"","service":"acquisition-api","timestamp":"2026-05-19T08:28:07.611Z"}
{"level":"info","message":"::1 - - [19/May/2026:08:28:08 +0000] \"GET /health HTTP/1.1\" 200 74 \"-\" \"HTTPie\"","service":"acquisition-api","timestamp":"2026-05-19T08:28:08.295Z"}
{"level":"info","message":"::1 - - [19/May/2026:08:28:08 +0000] \"GET /health HTTP/1.1\" 200 74 \"-\" \"HTTPie\"","service":"acquisition-api","timestamp":"2026-05-19T08:28:08.776Z"}
{"level":"info","message":"::1 - - [19/May/2026:08:28:09 +0000] \"GET /health HTTP/1.1\" 200 74 \"-\" \"HTTPie\"","service":"acquisition-api","timestamp":"2026-05-19T08:28:09.220Z"}
{"level":"info","message":"::1 - - [19/May/2026:08:28:09 +0000] \"GET /health HTTP/1.1\" 200 74 \"-\" \"HTTPie\"","service":"acquisition-api","timestamp":"2026-05-19T08:28:09.496Z"}
{"level":"info","message":"::1 - - [19/May/2026:08:28:10 +0000] \"GET /health HTTP/1.1\" 200 74 \"-\" \"HTTPie\"","service":"acquisition-api","timestamp":"2026-05-19T08:28:10.167Z"}
{"level":"info","message":"::1 - - [19/May/2026:08:28:10 +0000] \"GET /health HTTP/1.1\" 200 74 \"-\" \"HTTPie\"","service":"acquisition-api","timestamp":"2026-05-19T08:28:10.775Z"}
{"level":"info","message":"::1 - - [19/May/2026:08:28:11 +0000] \"GET /health HTTP/1.1\" 200 74 \"-\" \"HTTPie\"","service":"acquisition-api","timestamp":"2026-05-19T08:28:11.528Z"}
{"level":"info","message":"::1 - - [19/May/2026:08:28:11 +0000] \"GET /health HTTP/1.1\" 200 74 \"-\" \"HTTPie\"","service":"acquisition-api","timestamp":"2026-05-19T08:28:11.934Z"}
{"level":"info","message":"::1 - - [19/May/2026:08:28:12 +0000] \"GET /health HTTP/1.1\" 200 74 \"-\" \"HTTPie\"","service":"acquisition-api","timestamp":"2026-05-19T08:28:12.208Z"}
{"level":"info","message":"::1 - - [19/May/2026:08:28:12 +0000] \"GET /health HTTP/1.1\" 200 74 \"-\" \"HTTPie\"","service":"acquisition-api","timestamp":"2026-05-19T08:28:12.486Z"}
{"level":"info","message":"::1 - - [19/May/2026:08:28:12 +0000] \"GET /health HTTP/1.1\" 200 74 \"-\" \"HTTPie\"","service":"acquisition-api","timestamp":"2026-05-19T08:28:12.816Z"}
{"level":"info","message":"::1 - - [19/May/2026:08:28:13 +0000] \"GET /health HTTP/1.1\" 200 74 \"-\" \"HTTPie\"","service":"acquisition-api","timestamp":"2026-05-19T08:28:13.141Z"}
{"level":"info","message":"::1 - - [19/May/2026:08:28:13 +0000] \"GET /health HTTP/1.1\" 200 74 \"-\" \"HTTPie\"","service":"acquisition-api","timestamp":"2026-05-19T08:28:13.541Z"}
{"level":"info","message":"::1 - - [19/May/2026:08:28:13 +0000] \"GET /health HTTP/1.1\" 200 74 \"-\" \"HTTPie\"","service":"acquisition-api","timestamp":"2026-05-19T08:28:13.806Z"}
{"level":"info","message":"::1 - - [19/May/2026:08:28:14 +0000] \"GET /health HTTP/1.1\" 200 74 \"-\" \"HTTPie\"","service":"acquisition-api","timestamp":"2026-05-19T08:28:14.251Z"}
{"level":"info","message":"::1 - - [19/May/2026:08:28:14 +0000] \"GET /health HTTP/1.1\" 200 74 \"-\" \"HTTPie\"","service":"acquisition-api","timestamp":"2026-05-19T08:28:14.574Z"}
{"level":"info","message":"::1 - - [19/May/2026:08:28:15 +0000] \"GET /health HTTP/1.1\" 200 74 \"-\" \"HTTPie\"","service":"acquisition-api","timestamp":"2026-05-19T08:28:15.008Z"}
{"level":"info","message":"::1 - - [19/May/2026:08:28:15 +0000] \"GET /health HTTP/1.1\" 200 74 \"-\" \"HTTPie\"","service":"acquisition-api","timestamp":"2026-05-19T08:28:15.373Z"}
{"level":"info","message":"::1 - - [19/May/2026:08:28:15 +0000] \"GET /health HTTP/1.1\" 200 74 \"-\" \"HTTPie\"","service":"acquisition-api","timestamp":"2026-05-19T08:28:15.653Z"}
{"level":"info","message":"::1 - - [19/May/2026:08:28:16 +0000] \"GET /health HTTP/1.1\" 200 74 \"-\" \"HTTPie\"","service":"acquisition-api","timestamp":"2026-05-19T08:28:16.016Z"}
{"level":"info","message":"::1 - - [19/May/2026:08:28:16 +0000] \"GET /health HTTP/1.1\" 200 74 \"-\" \"HTTPie\"","service":"acquisition-api","timestamp":"2026-05-19T08:28:16.367Z"}
{"level":"info","message":"::1 - - [19/May/2026:08:28:16 +0000] \"GET /health HTTP/1.1\" 200 74 \"-\" \"HTTPie\"","service":"acquisition-api","timestamp":"2026-05-19T08:28:16.686Z"}
{"level":"info","message":"::1 - - [19/May/2026:08:28:17 +0000] \"GET /health HTTP/1.1\" 200 74 \"-\" \"HTTPie\"","service":"acquisition-api","timestamp":"2026-05-19T08:28:17.050Z"}
{"level":"info","message":"::1 - - [19/May/2026:08:28:17 +0000] \"GET /health HTTP/1.1\" 200 74 \"-\" \"HTTPie\"","service":"acquisition-api","timestamp":"2026-05-19T08:28:17.373Z"}
{"level":"info","message":"::1 - - [19/May/2026:08:28:17 +0000] \"GET /health HTTP/1.1\" 200 74 \"-\" \"HTTPie\"","service":"acquisition-api","timestamp":"2026-05-19T08:28:17.700Z"}
{"level":"info","message":"::1 - - [19/May/2026:08:28:18 +0000] \"GET /health HTTP/1.1\" 200 74 \"-\" \"HTTPie\"","service":"acquisition-api","timestamp":"2026-05-19T08:28:18.046Z"}
{"level":"info","message":"::1 - - [19/May/2026:08:28:18 +0000] \"GET /health HTTP/1.1\" 200 74 \"-\" \"HTTPie\"","service":"acquisition-api","timestamp":"2026-05-19T08:28:18.336Z"}
{"level":"info","message":"::1 - - [19/May/2026:08:28:18 +0000] \"GET /health HTTP/1.1\" 200 74 \"-\" \"HTTPie\"","service":"acquisition-api","timestamp":"2026-05-19T08:28:18.690Z"}
{"level":"info","message":"::1 - - [19/May/2026:08:28:19 +0000] \"GET /health HTTP/1.1\" 200 74 \"-\" \"HTTPie\"","service":"acquisition-api","timestamp":"2026-05-19T08:28:19.056Z"}
{"level":"info","message":"::1 - - [19/May/2026:08:28:19 +0000] \"GET /health HTTP/1.1\" 200 73 \"-\" \"HTTPie\"","service":"acquisition-api","timestamp":"2026-05-19T08:28:19.453Z"}
{"level":"info","message":"::1 - - [19/May/2026:08:28:19 +0000] \"GET /health HTTP/1.1\" 200 74 \"-\" \"HTTPie\"","service":"acquisition-api","timestamp":"2026-05-19T08:28:19.772Z"}
{"level":"info","message":"::1 - - [19/May/2026:08:28:20 +0000] \"GET /health HTTP/1.1\" 200 74 \"-\" \"HTTPie\"","service":"acquisition-api","timestamp":"2026-05-19T08:28:20.134Z"}
{"level":"info","message":"::1 - - [19/May/2026:08:28:20 +0000] \"GET /health HTTP/1.1\" 200 73 \"-\" \"HTTPie\"","service":"acquisition-api","timestamp":"2026-05-19T08:28:20.492Z"}
{"level":"info","message":"::1 - - [19/May/2026:08:28:20 +0000] \"GET /health HTTP/1.1\" 200 74 \"-\" \"HTTPie\"","service":"acquisition-api","timestamp":"2026-05-19T08:28:20.778Z"}
{"level":"info","message":"::1 - - [19/May/2026:08:28:21 +0000] \"GET /health HTTP/1.1\" 200 74 \"-\" \"HTTPie\"","service":"acquisition-api","timestamp":"2026-05-19T08:28:21.131Z"}
{"level":"info","message":"::1 - - [19/May/2026:08:28:21 +0000] \"GET /health HTTP/1.1\" 200 74 \"-\" \"HTTPie\"","service":"acquisition-api","timestamp":"2026-05-19T08:28:21.406Z"}
{"level":"info","message":"::1 - - [19/May/2026:08:28:39 +0000] \"GET /health HTTP/1.1\" 200 73 \"-\" \"HTTPie\"","service":"acquisition-api","timestamp":"2026-05-19T08:28:39.713Z"}
{"level":"info","message":"::1 - - [19/May/2026:08:28:40 +0000] \"GET /health HTTP/1.1\" 200 74 \"-\" \"HTTPie\"","service":"acquisition-api","timestamp":"2026-05-19T08:28:40.025Z"}
{"level":"info","message":"::1 - - [19/May/2026:08:28:40 +0000] \"GET /health HTTP/1.1\" 200 74 \"-\" \"HTTPie\"","service":"acquisition-api","timestamp":"2026-05-19T08:28:40.723Z"}
{"level":"info","message":"::1 - - [19/May/2026:08:28:41 +0000] \"GET /health HTTP/1.1\" 200 74 \"-\" \"HTTPie\"","service":"acquisition-api","timestamp":"2026-05-19T08:28:41.379Z"}
{"level":"info","message":"::1 - - [19/May/2026:08:28:41 +0000] \"GET /health HTTP/1.1\" 200 74 \"-\" \"HTTPie\"","service":"acquisition-api","timestamp":"2026-05-19T08:28:41.666Z"}
{"level":"info","message":"::1 - - [19/May/2026:08:28:41 +0000] \"GET /health HTTP/1.1\" 200 74 \"-\" \"HTTPie\"","service":"acquisition-api","timestamp":"2026-05-19T08:28:41.986Z"}
{"level":"info","message":"::1 - - [19/May/2026:08:28:42 +0000] \"GET /health HTTP/1.1\" 200 74 \"-\" \"HTTPie\"","service":"acquisition-api","timestamp":"2026-05-19T08:28:42.422Z"}
{"level":"info","message":"::1 - - [19/May/2026:08:28:42 +0000] \"GET /health HTTP/1.1\" 200 74 \"-\" \"HTTPie\"","service":"acquisition-api","timestamp":"2026-05-19T08:28:42.779Z"}
{"level":"info","message":"::1 - - [19/May/2026:08:28:43 +0000] \"GET /health HTTP/1.1\" 200 74 \"-\" \"HTTPie\"","service":"acquisition-api","timestamp":"2026-05-19T08:28:43.171Z"}
{"level":"info","message":"::1 - - [19/May/2026:08:28:43 +0000] \"GET /health HTTP/1.1\" 200 74 \"-\" \"HTTPie\"","service":"acquisition-api","timestamp":"2026-05-19T08:28:43.471Z"}
{"level":"info","message":"::1 - - [19/May/2026:08:28:43 +0000] \"GET /health HTTP/1.1\" 200 74 \"-\" \"HTTPie\"","service":"acquisition-api","timestamp":"2026-05-19T08:28:43.854Z"}
{"level":"info","message":"::1 - - [19/May/2026:08:28:44 +0000] \"GET /health HTTP/1.1\" 200 74 \"-\" \"HTTPie\"","service":"acquisition-api","timestamp":"2026-05-19T08:28:44.227Z"}
{"level":"info","message":"::1 - - [19/May/2026:08:28:44 +0000] \"GET /health HTTP/1.1\" 200 74 \"-\" \"HTTPie\"","service":"acquisition-api","timestamp":"2026-05-19T08:28:44.628Z"}
{"level":"info","message":"::1 - - [19/May/2026:08:28:44 +0000] \"GET /health HTTP/1.1\" 200 74 \"-\" \"HTTPie\"","service":"acquisition-api","timestamp":"2026-05-19T08:28:44.995Z"}
{"level":"info","message":"::1 - - [19/May/2026:08:28:45 +0000] \"GET /health HTTP/1.1\" 200 74 \"-\" \"HTTPie\"","service":"acquisition-api","timestamp":"2026-05-19T08:28:45.353Z"}
{"level":"info","message":"::1 - - [19/May/2026:08:28:45 +0000] \"GET /health HTTP/1.1\" 200 74 \"-\" \"HTTPie\"","service":"acquisition-api","timestamp":"2026-05-19T08:28:45.706Z"}
{"level":"info","message":"::1 - - [19/May/2026:08:28:46 +0000] \"GET /health HTTP/1.1\" 200 74 \"-\" \"HTTPie\"","service":"acquisition-api","timestamp":"2026-05-19T08:28:46.076Z"}
{"level":"info","message":"::1 - - [19/May/2026:08:28:46 +0000] \"GET /health HTTP/1.1\" 200 74 \"-\" \"HTTPie\"","service":"acquisition-api","timestamp":"2026-05-19T08:28:46.440Z"}
{"level":"info","message":"::1 - - [19/May/2026:08:28:46 +0000] \"GET /health HTTP/1.1\" 200 74 \"-\" \"HTTPie\"","service":"acquisition-api","timestamp":"2026-05-19T08:28:46.735Z"}
{"level":"info","message":"::1 - - [19/May/2026:08:28:47 +0000] \"GET /health HTTP/1.1\" 200 73 \"-\" \"HTTPie\"","service":"acquisition-api","timestamp":"2026-05-19T08:28:47.106Z"}
{"level":"info","message":"::1 - - [19/May/2026:08:28:47 +0000] \"GET /health HTTP/1.1\" 200 74 \"-\" \"HTTPie\"","service":"acquisition-api","timestamp":"2026-05-19T08:28:47.427Z"}
{"level":"info","message":"::1 - - [19/May/2026:08:28:47 +0000] \"GET /health HTTP/1.1\" 200 74 \"-\" \"HTTPie\"","service":"acquisition-api","timestamp":"2026-05-19T08:28:47.723Z"}
{"level":"info","message":"::1 - - [19/May/2026:08:28:48 +0000] \"GET /health HTTP/1.1\" 200 74 \"-\" \"HTTPie\"","service":"acquisition-api","timestamp":"2026-05-19T08:28:48.027Z"}
{"level":"info","message":"::1 - - [19/May/2026:08:28:48 +0000] \"GET /health HTTP/1.1\" 200 74 \"-\" \"HTTPie\"","service":"acquisition-api","timestamp":"2026-05-19T08:28:48.353Z"}
{"level":"info","message":"::1 - - [19/May/2026:08:28:48 +0000] \"GET /health HTTP/1.1\" 200 73 \"-\" \"HTTPie\"","service":"acquisition-api","timestamp":"2026-05-19T08:28:48.637Z"}
{"level":"info","message":"::1 - - [19/May/2026:08:28:49 +0000] \"GET /health HTTP/1.1\" 200 74 \"-\" \"HTTPie\"","service":"acquisition-api","timestamp":"2026-05-19T08:28:49.001Z"}
{"level":"info","message":"::1 - - [19/May/2026:08:28:49 +0000] \"GET /health HTTP/1.1\" 200 74 \"-\" \"HTTPie\"","service":"acquisition-api","timestamp":"2026-05-19T08:28:49.313Z"}
{"level":"info","message":"::1 - - [19/May/2026:08:28:49 +0000] \"GET /health HTTP/1.1\" 200 73 \"-\" \"HTTPie\"","service":"acquisition-api","timestamp":"2026-05-19T08:28:49.731Z"}
{"level":"info","message":"::1 - - [19/May/2026:08:28:50 +0000] \"GET /health HTTP/1.1\" 200 74 \"-\" \"HTTPie\"","service":"acquisition-api","timestamp":"2026-05-19T08:28:50.713Z"}
{"level":"info","message":"::1 - - [19/May/2026:08:30:51 +0000] \"GET /health HTTP/1.1\" 200 74 \"-\" \"HTTPie\"","service":"acquisition-api","timestamp":"2026-05-19T08:30:51.327Z"}
{"level":"info","message":"::1 - - [19/May/2026:08:30:51 +0000] \"GET /health HTTP/1.1\" 200 74 \"-\" \"HTTPie\"","service":"acquisition-api","timestamp":"2026-05-19T08:30:51.669Z"}
{"level":"info","message":"::1 - - [19/May/2026:08:30:52 +0000] \"GET /health HTTP/1.1\" 200 74 \"-\" \"HTTPie\"","service":"acquisition-api","timestamp":"2026-05-19T08:30:52.057Z"}
{"level":"info","message":"::1 - - [19/May/2026:08:30:52 +0000] \"GET /health HTTP/1.1\" 200 74 \"-\" \"HTTPie\"","service":"acquisition-api","timestamp":"2026-05-19T08:30:52.338Z"}
{"level":"info","message":"::1 - - [19/May/2026:08:30:52 +0000] \"GET /health HTTP/1.1\" 200 74 \"-\" \"HTTPie\"","service":"acquisition-api","timestamp":"2026-05-19T08:30:52.661Z"}
{"level":"info","message":"::1 - - [19/May/2026:08:30:53 +0000] \"GET /health HTTP/1.1\" 200 74 \"-\" \"HTTPie\"","service":"acquisition-api","timestamp":"2026-05-19T08:30:53.013Z"}
{"level":"info","message":"::1 - - [19/May/2026:08:30:53 +0000] \"GET /health HTTP/1.1\" 200 74 \"-\" \"HTTPie\"","service":"acquisition-api","timestamp":"2026-05-19T08:30:53.376Z"}
{"level":"info","message":"::1 - - [19/May/2026:08:30:53 +0000] \"GET /health HTTP/1.1\" 200 74 \"-\" \"HTTPie\"","service":"acquisition-api","timestamp":"2026-05-19T08:30:53.729Z"}
{"level":"info","message":"::1 - - [19/May/2026:08:30:54 +0000] \"GET /health HTTP/1.1\" 200 74 \"-\" \"HTTPie\"","service":"acquisition-api","timestamp":"2026-05-19T08:30:54.055Z"}
{"level":"info","message":"::1 - - [19/May/2026:08:30:54 +0000] \"GET /health HTTP/1.1\" 200 74 \"-\" \"HTTPie\"","service":"acquisition-api","timestamp":"2026-05-19T08:30:54.333Z"}
{"level":"info","message":"::1 - - [19/May/2026:08:30:54 +0000] \"GET /health HTTP/1.1\" 200 73 \"-\" \"HTTPie\"","service":"acquisition-api","timestamp":"2026-05-19T08:30:54.649Z"}
{"level":"info","message":"::1 - - [19/May/2026:08:30:54 +0000] \"GET /health HTTP/1.1\" 200 74 \"-\" \"HTTPie\"","service":"acquisition-api","timestamp":"2026-05-19T08:30:54.968Z"}
{"level":"info","message":"::1 - - [19/May/2026:08:30:55 +0000] \"GET /health HTTP/1.1\" 200 74 \"-\" \"HTTPie\"","service":"acquisition-api","timestamp":"2026-05-19T08:30:55.298Z"}
{"level":"info","message":"::1 - - [19/May/2026:08:30:55 +0000] \"GET /health HTTP/1.1\" 200 74 \"-\" \"HTTPie\"","service":"acquisition-api","timestamp":"2026-05-19T08:30:55.662Z"}
{"level":"info","message":"::1 - - [19/May/2026:08:30:56 +0000] \"GET /health HTTP/1.1\" 200 74 \"-\" \"HTTPie\"","service":"acquisition-api","timestamp":"2026-05-19T08:30:56.008Z"}
{"level":"info","message":"::1 - - [19/May/2026:08:30:56 +0000] \"GET /health HTTP/1.1\" 200 74 \"-\" \"HTTPie\"","service":"acquisition-api","timestamp":"2026-05-19T08:30:56.334Z"}
{"level":"info","message":"::1 - - [19/May/2026:08:30:56 +0000] \"GET /health HTTP/1.1\" 200 74 \"-\" \"HTTPie\"","service":"acquisition-api","timestamp":"2026-05-19T08:30:56.735Z"}
{"level":"info","message":"::1 - - [19/May/2026:08:30:57 +0000] \"GET /health HTTP/1.1\" 200 74 \"-\" \"HTTPie\"","service":"acquisition-api","timestamp":"2026-05-19T08:30:57.023Z"}
{"level":"info","message":"::1 - - [19/May/2026:08:30:57 +0000] \"GET /health HTTP/1.1\" 200 74 \"-\" \"HTTPie\"","service":"acquisition-api","timestamp":"2026-05-19T08:30:57.423Z"}
{"level":"info","message":"::1 - - [19/May/2026:08:30:57 +0000] \"GET /health HTTP/1.1\" 200 74 \"-\" \"HTTPie\"","service":"acquisition-api","timestamp":"2026-05-19T08:30:57.854Z"}
{"level":"info","message":"::1 - - [19/May/2026:08:30:58 +0000] \"GET /health HTTP/1.1\" 200 74 \"-\" \"HTTPie\"","service":"acquisition-api","timestamp":"2026-05-19T08:30:58.235Z"}
{"level":"info","message":"::1 - - [19/May/2026:08:30:58 +0000] \"GET /health HTTP/1.1\" 200 74 \"-\" \"HTTPie\"","service":"acquisition-api","timestamp":"2026-05-19T08:30:58.582Z"}
{"level":"info","message":"::1 - - [19/May/2026:08:30:58 +0000] \"GET /health HTTP/1.1\" 200 74 \"-\" \"HTTPie\"","service":"acquisition-api","timestamp":"2026-05-19T08:30:58.977Z"}
{"level":"info","message":"::1 - - [19/May/2026:08:30:59 +0000] \"GET /health HTTP/1.1\" 200 74 \"-\" \"HTTPie\"","service":"acquisition-api","timestamp":"2026-05-19T08:30:59.338Z"}
{"level":"info","message":"::1 - - [19/May/2026:08:30:59 +0000] \"GET /health HTTP/1.1\" 200 74 \"-\" \"HTTPie\"","service":"acquisition-api","timestamp":"2026-05-19T08:30:59.776Z"}
{"level":"info","message":"::1 - - [19/May/2026:08:31:00 +0000] \"GET /health HTTP/1.1\" 200 73 \"-\" \"HTTPie\"","service":"acquisition-api","timestamp":"2026-05-19T08:31:00.169Z"}
{"level":"info","message":"::1 - - [19/May/2026:08:31:00 +0000] \"GET /health HTTP/1.1\" 200 74 \"-\" \"HTTPie\"","service":"acquisition-api","timestamp":"2026-05-19T08:31:00.575Z"}
{"level":"info","message":"::1 - - [19/May/2026:08:31:01 +0000] \"GET /health HTTP/1.1\" 200 73 \"-\" \"HTTPie\"","service":"acquisition-api","timestamp":"2026-05-19T08:31:01.023Z"}
{"level":"info","message":"::1 - - [19/May/2026:08:31:01 +0000] \"GET /health HTTP/1.1\" 200 74 \"-\" \"HTTPie\"","service":"acquisition-api","timestamp":"2026-05-19T08:31:01.419Z"}
{"level":"info","message":"::1 - - [19/May/2026:08:31:01 +0000] \"GET /health HTTP/1.1\" 200 74 \"-\" \"HTTPie\"","service":"acquisition-api","timestamp":"2026-05-19T08:31:01.862Z"}
{"level":"info","message":"::1 - - [19/May/2026:08:31:02 +0000] \"GET /health HTTP/1.1\" 200 74 \"-\" \"HTTPie\"","service":"acquisition-api","timestamp":"2026-05-19T08:31:02.290Z"}
{"level":"info","message":"::1 - - [19/May/2026:08:31:02 +0000] \"GET /health HTTP/1.1\" 200 73 \"-\" \"HTTPie\"","service":"acquisition-api","timestamp":"2026-05-19T08:31:02.694Z"}
{"level":"info","message":"::1 - - [19/May/2026:08:31:03 +0000] \"GET /health HTTP/1.1\" 200 74 \"-\" \"HTTPie\"","service":"acquisition-api","timestamp":"2026-05-19T08:31:03.094Z"}
{"level":"info","message":"::1 - - [19/May/2026:08:31:03 +0000] \"GET /health HTTP/1.1\" 200 74 \"-\" \"HTTPie\"","service":"acquisition-api","timestamp":"2026-05-19T08:31:03.538Z"}
{"level":"info","message":"::1 - - [19/May/2026:08:31:03 +0000] \"GET /health HTTP/1.1\" 200 73 \"-\" \"HTTPie\"","service":"acquisition-api","timestamp":"2026-05-19T08:31:03.969Z"}
{"level":"info","message":"::1 - - [19/May/2026:08:31:04 +0000] \"GET /health HTTP/1.1\" 200 74 \"-\" \"HTTPie\"","service":"acquisition-api","timestamp":"2026-05-19T08:31:04.334Z"}
{"level":"info","message":"::1 - - [19/May/2026:08:31:04 +0000] \"GET /health HTTP/1.1\" 200 74 \"-\" \"HTTPie\"","service":"acquisition-api","timestamp":"2026-05-19T08:31:04.739Z"}
{"level":"info","message":"::1 - - [19/May/2026:08:31:05 +0000] \"GET /health HTTP/1.1\" 200 74 \"-\" \"HTTPie\"","service":"acquisition-api","timestamp":"2026-05-19T08:31:05.093Z"}
{"level":"info","message":"::1 - - [19/May/2026:08:31:05 +0000] \"GET /health HTTP/1.1\" 200 74 \"-\" \"HTTPie\"","service":"acquisition-api","timestamp":"2026-05-19T08:31:05.614Z"}
{"level":"info","message":"::1 - - [19/May/2026:08:31:05 +0000] \"GET /health HTTP/1.1\" 200 74 \"-\" \"HTTPie\"","service":"acquisition-api","timestamp":"2026-05-19T08:31:05.892Z"}
{"level":"info","message":"::1 - - [19/May/2026:08:31:06 +0000] \"GET /health HTTP/1.1\" 200 74 \"-\" \"HTTPie\"","service":"acquisition-api","timestamp":"2026-05-19T08:31:06.333Z"}
{"level":"info","message":"::1 - - [19/May/2026:08:31:06 +0000] \"GET /health HTTP/1.1\" 200 74 \"-\" \"HTTPie\"","service":"acquisition-api","timestamp":"2026-05-19T08:31:06.810Z"}
{"level":"info","message":"::1 - - [19/May/2026:08:31:07 +0000] \"GET /health HTTP/1.1\" 200 74 \"-\" \"HTTPie\"","service":"acquisition-api","timestamp":"2026-05-19T08:31:07.171Z"}
{"level":"info","message":"::1 - - [19/May/2026:08:31:07 +0000] \"GET /health HTTP/1.1\" 200 74 \"-\" \"HTTPie\"","service":"acquisition-api","timestamp":"2026-05-19T08:31:07.616Z"}
{"level":"info","message":"::1 - - [19/May/2026:08:31:07 +0000] \"GET /health HTTP/1.1\" 200 74 \"-\" \"HTTPie\"","service":"acquisition-api","timestamp":"2026-05-19T08:31:07.900Z"}
{"level":"info","message":"::1 - - [19/May/2026:08:31:08 +0000] \"GET /health HTTP/1.1\" 200 74 \"-\" \"HTTPie\"","service":"acquisition-api","timestamp":"2026-05-19T08:31:08.349Z"}
{"level":"info","message":"::1 - - [19/May/2026:08:31:08 +0000] \"GET /health HTTP/1.1\" 200 74 \"-\" \"HTTPie\"","service":"acquisition-api","timestamp":"2026-05-19T08:31:08.775Z"}
{"level":"info","message":"::1 - - [19/May/2026:08:31:09 +0000] \"GET /health HTTP/1.1\" 200 74 \"-\" \"HTTPie\"","service":"acquisition-api","timestamp":"2026-05-19T08:31:09.208Z"}
{"level":"info","message":"::1 - - [19/May/2026:08:31:09 +0000] \"GET /health HTTP/1.1\" 200 73 \"-\" \"HTTPie\"","service":"acquisition-api","timestamp":"2026-05-19T08:31:09.609Z"}
{"level":"info","message":"::1 - - [19/May/2026:08:31:09 +0000] \"GET /health HTTP/1.1\" 200 74 \"-\" \"HTTPie\"","service":"acquisition-api","timestamp":"2026-05-19T08:31:09.969Z"}
{"level":"info","message":"::1 - - [19/May/2026:08:31:10 +0000] \"GET /health HTTP/1.1\" 200 74 \"-\" \"HTTPie\"","service":"acquisition-api","timestamp":"2026-05-19T08:31:10.369Z"}
{"level":"info","message":"::1 - - [19/May/2026:08:31:10 +0000] \"GET /health HTTP/1.1\" 200 74 \"-\" \"HTTPie\"","service":"acquisition-api","timestamp":"2026-05-19T08:31:10.742Z"}
{"level":"info","message":"::1 - - [19/May/2026:08:31:11 +0000] \"GET /health HTTP/1.1\" 200 74 \"-\" \"HTTPie\"","service":"acquisition-api","timestamp":"2026-05-19T08:31:11.132Z"}
{"level":"info","message":"::1 - - [19/May/2026:08:31:11 +0000] \"GET /health HTTP/1.1\" 200 73 \"-\" \"HTTPie\"","service":"acquisition-api","timestamp":"2026-05-19T08:31:11.572Z"}
{"level":"info","message":"::1 - - [19/May/2026:08:31:11 +0000] \"GET /health HTTP/1.1\" 200 74 \"-\" \"HTTPie\"","service":"acquisition-api","timestamp":"2026-05-19T08:31:11.889Z"}
{"level":"info","message":"::1 - - [19/May/2026:08:31:12 +0000] \"GET /health HTTP/1.1\" 200 73 \"-\" \"HTTPie\"","service":"acquisition-api","timestamp":"2026-05-19T08:31:12.262Z"}
{"level":"info","message":"::1 - - [19/May/2026:08:31:12 +0000] \"GET /health HTTP/1.1\" 200 74 \"-\" \"HTTPie\"","service":"acquisition-api","timestamp":"2026-05-19T08:31:12.696Z"}
{"level":"info","message":"::1 - - [19/May/2026:08:31:12 +0000] \"GET /health HTTP/1.1\" 200 74 \"-\" \"HTTPie\"","service":"acquisition-api","timestamp":"2026-05-19T08:31:12.976Z"}
